Traceback (most recent call last):
  File "/home/runner/work/classificacao-chamados/classificacao-chamados/src/sincronizar_artigo_dados.py", line 398, in <module>
    raise SystemExit(main())
                     ^^^^^^
  File "/home/runner/work/classificacao-chamados/classificacao-chamados/src/sincronizar_artigo_dados.py", line 386, in main
    atualizado = atualizar_artigo(artigo)
                 ^^^^^^^^^^^^^^^^^^^^^^^^
  File "/home/runner/work/classificacao-chamados/classificacao-chamados/src/sincronizar_artigo_dados.py", line 70, in atualizar_artigo
    sensibilidade_json = ler_json("sensibilidade_vies_validacao.json")
                         ^^^^^^^^^^^^^^^^^^^^^^^^^^^^^^^^^^^^^^^^^^^^^
  File "/home/runner/work/classificacao-chamados/classificacao-chamados/src/sincronizar_artigo_dados.py", line 33, in ler_json
    return json.loads((DADOS / nome).read_text(encoding="utf-8"))
                      ^^^^^^^^^^^^^^^^^^^^^^^^^^^^^^^^^^^^^^^^^^
  File "/opt/hostedtoolcache/Python/3.11.15/x64/lib/python3.11/pathlib.py", line 1058, in read_text
    with self.open(mode='r', encoding=encoding, errors=errors) as f:
         ^^^^^^^^^^^^^^^^^^^^^^^^^^^^^^^^^^^^^^^^^^^^^^^^^^^^^
  File "/opt/hostedtoolcache/Python/3.11.15/x64/lib/python3.11/pathlib.py", line 1044, in open
    return io.open(self, mode, buffering, encoding, errors, newline)
           ^^^^^^^^^^^^^^^^^^^^^^^^^^^^^^^^^^^^^^^^^^^^^^^^^^^^^^^^^
FileNotFoundError: [Errno 2] No such file or directory: '/home/runner/work/classificacao-chamados/classificacao-chamados/docs/dados/sensibilidade_vies_validacao.json'
